// Jest Snapshot v1, https://goo.gl/fbAQLP

exports[`App page renders and matches snapshot 1`] = `null`;
